// Jest Snapshot v1, https://goo.gl/fbAQLP

exports[`renders with a logo 1`] = `
<i
  className="Icon fas fa-user-circle m primary"
/>
`;
